// Jest Snapshot v1, https://goo.gl/fbAQLP

exports[`Check input in the screen 1`] = `
<input
  data-testid="input"
  onChange={[Function]}
  placeholder="Add..."
  type="text"
  value={[Function]}
/>
`;

exports[`Render input in the screen 1`] = `
<input
  data-testid="input"
  onChange={[Function]}
  placeholder="Add..."
  type="text"
  value={[Function]}
/>
`;
